.\gradlew.bat : WARNING: A restricted method in java.lang.System has been called
At line:1 char:39
+ ... ney\School Management App" ; .\gradlew.bat assembleDebug 2>&1 | Tee-O ...
+                                  ~~~~~~~~~~~~~~~~~~~~~~~~~~~~~~~~
    + CategoryInfo          : NotSpecified: (WARNING: A rest...has been called:String) [], RemoteException
    + FullyQualifiedErrorId : NativeCommandError
 
WARNING: java.lang.System::load has been called by net.rubygrapefruit.platform.internal.NativeLibraryLoader in 
an unnamed module (file:/C:/Users/rhimar%20and%20rhave/.gradle/wrapper/dists/gradle-8.7-bin/bhs2wmbdwecv87pi65oeu
q5iu/gradle-8.7/lib/native-platform-0.22-milestone-25.jar)
WARNING: Use --enable-native-access=ALL-UNNAMED to avoid a warning for callers in this module
WARNING: Restricted methods will be blocked in a future release unless native access is enabled

> Task :app:preBuild UP-TO-DATE
> Task :app:preDebugBuild UP-TO-DATE
> Task :app:mergeDebugNativeDebugMetadata NO-SOURCE
> Task :app:dataBindingMergeDependencyArtifactsDebug
> Task :app:generateDebugResValues
> Task :app:generateDebugResources
> Task :app:processDebugGoogleServices
> Task :app:packageDebugResources
> Task :app:javaPreCompileDebug
> Task :app:parseDebugLocalResources
> Task :app:mapDebugSourceSetPaths
> Task :app:checkDebugAarMetadata
> Task :app:createDebugCompatibleScreenManifests
> Task :app:extractDeepLinksDebug
> Task :app:mergeDebugResources
> Task :app:processDebugMainManifest
> Task :app:dataBindingGenBaseClassesDebug
> Task :app:processDebugManifest
> Task :app:mergeDebugShaders
> Task :app:compileDebugShaders NO-SOURCE
> Task :app:generateDebugAssets UP-TO-DATE
> Task :app:mergeDebugAssets
> Task :app:compressDebugAssets
> Task :app:desugarDebugFileDependencies
> Task :app:mergeDebugStartupProfile UP-TO-DATE
> Task :app:mergeDebugJniLibFolders
> Task :app:checkDebugDuplicateClasses
> Task :app:validateSigningDebug
> Task :app:mergeDebugNativeLibs
> Task :app:mergeLibDexDebug
> Task :app:writeDebugAppMetadata
> Task :app:writeDebugSigningConfigVersions
> Task :app:processDebugManifestForPackage
> Task :app:stripDebugDebugSymbols
> Task :app:processDebugResources FAILED
> Task :app:mergeExtDexDebug

FAILURE: Build failed with an exception.

* What went wrong:
Execution failed for task ':app:processDebugResources'.
> A failure occurred while executing 
com.android.build.gradle.internal.res.LinkApplicationAndroidResourcesTask$TaskAction
   > Android resource linking failed
     ERROR: D:\Money\School Management App\app\src\main\res\drawable\ic_priority_dot.xml:11: AAPT: error: 
attribute android:cx not found.
         
     ERROR: D:\Money\School Management App\app\src\main\res\drawable\ic_priority_dot.xml:11: AAPT: error: 
attribute android:cy not found.
         
     ERROR: D:\Money\School Management App\app\src\main\res\drawable\ic_priority_dot.xml:11: AAPT: error: 
attribute android:r not found.
         

* Try:
> Run with --stacktrace option to get the stack trace.
> Run with --info or --debug option to get more log output.
> Run with --scan to get full insights.
> Get more help at https://help.gradle.org.

BUILD FAILED in 43s
31 actionable tasks: 30 executed, 1 up-to-date
